// Jest Snapshot v1, https://goo.gl/fbAQLP

exports[`renders the UI as expected 1`] = `
<div
  className="filter"
>
  <form
    className="filter__form"
  >
    <label>
      Print Type:
      <select
        onChange={[Function]}
      >
        <option
          value="all"
        >
          All
        </option>
        <option
          value="books"
        >
          Books
        </option>
        <option
          value="magazines"
        >
          Magazines
        </option>
      </select>
    </label>
    <label>
      Book Type:
      <select
        onChange={[Function]}
      >
        <option
          value="no-filter"
        >
          No Filter
        </option>
        <option
          value="ebooks"
        >
          eBooks
        </option>
        <option
          value="free-ebooks"
        >
          Free eBooks
        </option>
        <option
          value="full"
        >
          Full
        </option>
        <option
          value="paid-ebooks"
        >
          Paid eBooks
        </option>
        <option
          value="partial"
        >
          Partial
        </option>
      </select>
    </label>
  </form>
</div>
`;
